Create Post Error time: 2025-11-25 17:17:05.720315
Error: argument of type 'HttpUrl' is not iterable
Traceback:
Traceback (most recent call last):
  File "C:\Users\p-d0574\Desktop\develop\레퍼런스 저장소2\refepidia\backend\app_main.py", line 364, in create_post
    if not validate_youtube_url(post_data.url):
           ~~~~~~~~~~~~~~~~~~~~^^^^^^^^^^^^^^^
  File "C:\Users\p-d0574\Desktop\develop\레퍼런스 저장소2\refepidia\backend\youtube_service.py", line 156, in validate_youtube_url
    return any(pattern in url for pattern in valid_patterns)
  File "C:\Users\p-d0574\Desktop\develop\레퍼런스 저장소2\refepidia\backend\youtube_service.py", line 156, in <genexpr>
    return any(pattern in url for pattern in valid_patterns)
               ^^^^^^^^^^^^^^
TypeError: argument of type 'HttpUrl' is not iterable

--------------------------------------------------
Create Post Error time: 2025-11-25 17:17:17.550720
Error: argument of type 'HttpUrl' is not iterable
Traceback:
Traceback (most recent call last):
  File "C:\Users\p-d0574\Desktop\develop\레퍼런스 저장소2\refepidia\backend\app_main.py", line 364, in create_post
    if not validate_youtube_url(post_data.url):
           ~~~~~~~~~~~~~~~~~~~~^^^^^^^^^^^^^^^
  File "C:\Users\p-d0574\Desktop\develop\레퍼런스 저장소2\refepidia\backend\youtube_service.py", line 156, in validate_youtube_url
    return any(pattern in url for pattern in valid_patterns)
  File "C:\Users\p-d0574\Desktop\develop\레퍼런스 저장소2\refepidia\backend\youtube_service.py", line 156, in <genexpr>
    return any(pattern in url for pattern in valid_patterns)
               ^^^^^^^^^^^^^^
TypeError: argument of type 'HttpUrl' is not iterable

--------------------------------------------------
Create Post Error time: 2025-11-26 12:10:15.835450
Error: argument of type 'HttpUrl' is not iterable
Traceback:
Traceback (most recent call last):
  File "C:\Users\p-d0574\Desktop\develop\레퍼런스 저장소2\refepidia\backend\app_main.py", line 378, in create_post
    if not validate_youtube_url(post_data.url):
           ~~~~~~~~~~~~~~~~~~~~^^^^^^^^^^^^^^^
  File "C:\Users\p-d0574\Desktop\develop\레퍼런스 저장소2\refepidia\backend\youtube_service.py", line 156, in validate_youtube_url
    return any(pattern in url for pattern in valid_patterns)
  File "C:\Users\p-d0574\Desktop\develop\레퍼런스 저장소2\refepidia\backend\youtube_service.py", line 156, in <genexpr>
    return any(pattern in url for pattern in valid_patterns)
               ^^^^^^^^^^^^^^
TypeError: argument of type 'HttpUrl' is not iterable

--------------------------------------------------
Create Post Error time: 2025-11-26 12:11:46.358295
Error: argument of type 'HttpUrl' is not iterable
Traceback:
Traceback (most recent call last):
  File "C:\Users\p-d0574\Desktop\develop\레퍼런스 저장소2\refepidia\backend\app_main.py", line 378, in create_post
    if not validate_youtube_url(post_data.url):
           ~~~~~~~~~~~~~~~~~~~~^^^^^^^^^^^^^^^
  File "C:\Users\p-d0574\Desktop\develop\레퍼런스 저장소2\refepidia\backend\youtube_service.py", line 156, in validate_youtube_url
    return any(pattern in url for pattern in valid_patterns)
  File "C:\Users\p-d0574\Desktop\develop\레퍼런스 저장소2\refepidia\backend\youtube_service.py", line 156, in <genexpr>
    return any(pattern in url for pattern in valid_patterns)
               ^^^^^^^^^^^^^^
TypeError: argument of type 'HttpUrl' is not iterable

--------------------------------------------------
